// Jest Snapshot v1, https://goo.gl/fbAQLP

exports[`Header snapshot 1`] = `
preact-render-spy (1 nodes)
-------
<header class="Header">
  <nav>
    <ul>
      <li>item 1</li>
      <li>item 2</li>
      <li>item 3</li>
    </ul>
  </nav>
</header>

`;
